/pytorch/aten/src/ATen/native/cuda/ScatterGatherKernel.cu:144: operator(): block: [0,0,0], thread: [0,0,0] Assertion `idx_dim >= 0 && idx_dim < index_size && "index out of bounds"` failed.
/pytorch/aten/src/ATen/native/cuda/ScatterGatherKernel.cu:144: operator(): block: [0,0,0], thread: [1,0,0] Assertion `idx_dim >= 0 && idx_dim < index_size && "index out of bounds"` failed.
/pytorch/aten/src/ATen/native/cuda/ScatterGatherKernel.cu:144: operator(): block: [0,0,0], thread: [2,0,0] Assertion `idx_dim >= 0 && idx_dim < index_size && "index out of bounds"` failed.
/pytorch/aten/src/ATen/native/cuda/ScatterGatherKernel.cu:144: operator(): block: [0,0,0], thread: [3,0,0] Assertion `idx_dim >= 0 && idx_dim < index_size && "index out of bounds"` failed.
/pytorch/aten/src/ATen/native/cuda/ScatterGatherKernel.cu:144: operator(): block: [0,0,0], thread: [4,0,0] Assertion `idx_dim >= 0 && idx_dim < index_size && "index out of bounds"` failed.
/pytorch/aten/src/ATen/native/cuda/ScatterGatherKernel.cu:144: operator(): block: [0,0,0], thread: [5,0,0] Assertion `idx_dim >= 0 && idx_dim < index_size && "index out of bounds"` failed.
/pytorch/aten/src/ATen/native/cuda/ScatterGatherKernel.cu:144: operator(): block: [0,0,0], thread: [6,0,0] Assertion `idx_dim >= 0 && idx_dim < index_size && "index out of bounds"` failed.
/pytorch/aten/src/ATen/native/cuda/ScatterGatherKernel.cu:144: operator(): block: [0,0,0], thread: [7,0,0] Assertion `idx_dim >= 0 && idx_dim < index_size && "index out of bounds"` failed.
/pytorch/aten/src/ATen/native/cuda/ScatterGatherKernel.cu:144: operator(): block: [0,0,0], thread: [8,0,0] Assertion `idx_dim >= 0 && idx_dim < index_size && "index out of bounds"` failed.
/pytorch/aten/src/ATen/native/cuda/ScatterGatherKernel.cu:144: operator(): block: [0,0,0], thread: [9,0,0] Assertion `idx_dim >= 0 && idx_dim < index_size && "index out of bounds"` failed.
/pytorch/aten/src/ATen/native/cuda/ScatterGatherKernel.cu:144: operator(): block: [0,0,0], thread: [10,0,0] Assertion `idx_dim >= 0 && idx_dim < index_size && "index out of bounds"` failed.
/pytorch/aten/src/ATen/native/cuda/ScatterGatherKernel.cu:144: operator(): block: [0,0,0], thread: [11,0,0] Assertion `idx_dim >= 0 && idx_dim < index_size && "index out of bounds"` failed.
/pytorch/aten/src/ATen/native/cuda/ScatterGatherKernel.cu:144: operator(): block: [0,0,0], thread: [12,0,0] Assertion `idx_dim >= 0 && idx_dim < index_size && "index out of bounds"` failed.
/pytorch/aten/src/ATen/native/cuda/ScatterGatherKernel.cu:144: operator(): block: [0,0,0], thread: [13,0,0] Assertion `idx_dim >= 0 && idx_dim < index_size && "index out of bounds"` failed.
/pytorch/aten/src/ATen/native/cuda/ScatterGatherKernel.cu:144: operator(): block: [0,0,0], thread: [14,0,0] Assertion `idx_dim >= 0 && idx_dim < index_size && "index out of bounds"` failed.
/pytorch/aten/src/ATen/native/cuda/ScatterGatherKernel.cu:144: operator(): block: [0,0,0], thread: [15,0,0] Assertion `idx_dim >= 0 && idx_dim < index_size && "index out of bounds"` failed.
/pytorch/aten/src/ATen/native/cuda/ScatterGatherKernel.cu:144: operator(): block: [0,0,0], thread: [16,0,0] Assertion `idx_dim >= 0 && idx_dim < index_size && "index out of bounds"` failed.
/pytorch/aten/src/ATen/native/cuda/ScatterGatherKernel.cu:144: operator(): block: [0,0,0], thread: [17,0,0] Assertion `idx_dim >= 0 && idx_dim < index_size && "index out of bounds"` failed.
/pytorch/aten/src/ATen/native/cuda/ScatterGatherKernel.cu:144: operator(): block: [0,0,0], thread: [18,0,0] Assertion `idx_dim >= 0 && idx_dim < index_size && "index out of bounds"` failed.
/pytorch/aten/src/ATen/native/cuda/ScatterGatherKernel.cu:144: operator(): block: [0,0,0], thread: [19,0,0] Assertion `idx_dim >= 0 && idx_dim < index_size && "index out of bounds"` failed.
/pytorch/aten/src/ATen/native/cuda/ScatterGatherKernel.cu:144: operator(): block: [0,0,0], thread: [20,0,0] Assertion `idx_dim >= 0 && idx_dim < index_size && "index out of bounds"` failed.
/pytorch/aten/src/ATen/native/cuda/ScatterGatherKernel.cu:144: operator(): block: [0,0,0], thread: [21,0,0] Assertion `idx_dim >= 0 && idx_dim < index_size && "index out of bounds"` failed.
/pytorch/aten/src/ATen/native/cuda/ScatterGatherKernel.cu:144: operator(): block: [0,0,0], thread: [22,0,0] Assertion `idx_dim >= 0 && idx_dim < index_size && "index out of bounds"` failed.
/pytorch/aten/src/ATen/native/cuda/ScatterGatherKernel.cu:144: operator(): block: [0,0,0], thread: [23,0,0] Assertion `idx_dim >= 0 && idx_dim < index_size && "index out of bounds"` failed.
/pytorch/aten/src/ATen/native/cuda/ScatterGatherKernel.cu:144: operator(): block: [0,0,0], thread: [24,0,0] Assertion `idx_dim >= 0 && idx_dim < index_size && "index out of bounds"` failed.
/pytorch/aten/src/ATen/native/cuda/ScatterGatherKernel.cu:144: operator(): block: [0,0,0], thread: [25,0,0] Assertion `idx_dim >= 0 && idx_dim < index_size && "index out of bounds"` failed.
/pytorch/aten/src/ATen/native/cuda/ScatterGatherKernel.cu:144: operator(): block: [0,0,0], thread: [26,0,0] Assertion `idx_dim >= 0 && idx_dim < index_size && "index out of bounds"` failed.
/pytorch/aten/src/ATen/native/cuda/ScatterGatherKernel.cu:144: operator(): block: [0,0,0], thread: [27,0,0] Assertion `idx_dim >= 0 && idx_dim < index_size && "index out of bounds"` failed.
/pytorch/aten/src/ATen/native/cuda/ScatterGatherKernel.cu:144: operator(): block: [0,0,0], thread: [28,0,0] Assertion `idx_dim >= 0 && idx_dim < index_size && "index out of bounds"` failed.
/pytorch/aten/src/ATen/native/cuda/ScatterGatherKernel.cu:144: operator(): block: [0,0,0], thread: [29,0,0] Assertion `idx_dim >= 0 && idx_dim < index_size && "index out of bounds"` failed.
/pytorch/aten/src/ATen/native/cuda/ScatterGatherKernel.cu:144: operator(): block: [0,0,0], thread: [30,0,0] Assertion `idx_dim >= 0 && idx_dim < index_size && "index out of bounds"` failed.
/pytorch/aten/src/ATen/native/cuda/ScatterGatherKernel.cu:144: operator(): block: [0,0,0], thread: [31,0,0] Assertion `idx_dim >= 0 && idx_dim < index_size && "index out of bounds"` failed.
/pytorch/aten/src/ATen/native/cuda/ScatterGatherKernel.cu:144: operator(): block: [0,0,0], thread: [32,0,0] Assertion `idx_dim >= 0 && idx_dim < index_size && "index out of bounds"` failed.
/pytorch/aten/src/ATen/native/cuda/ScatterGatherKernel.cu:144: operator(): block: [0,0,0], thread: [33,0,0] Assertion `idx_dim >= 0 && idx_dim < index_size && "index out of bounds"` failed.
/pytorch/aten/src/ATen/native/cuda/ScatterGatherKernel.cu:144: operator(): block: [0,0,0], thread: [34,0,0] Assertion `idx_dim >= 0 && idx_dim < index_size && "index out of bounds"` failed.
/pytorch/aten/src/ATen/native/cuda/ScatterGatherKernel.cu:144: operator(): block: [0,0,0], thread: [35,0,0] Assertion `idx_dim >= 0 && idx_dim < index_size && "index out of bounds"` failed.
/pytorch/aten/src/ATen/native/cuda/ScatterGatherKernel.cu:144: operator(): block: [0,0,0], thread: [36,0,0] Assertion `idx_dim >= 0 && idx_dim < index_size && "index out of bounds"` failed.
/pytorch/aten/src/ATen/native/cuda/ScatterGatherKernel.cu:144: operator(): block: [0,0,0], thread: [37,0,0] Assertion `idx_dim >= 0 && idx_dim < index_size && "index out of bounds"` failed.
/pytorch/aten/src/ATen/native/cuda/ScatterGatherKernel.cu:144: operator(): block: [0,0,0], thread: [38,0,0] Assertion `idx_dim >= 0 && idx_dim < index_size && "index out of bounds"` failed.
/pytorch/aten/src/ATen/native/cuda/ScatterGatherKernel.cu:144: operator(): block: [0,0,0], thread: [39,0,0] Assertion `idx_dim >= 0 && idx_dim < index_size && "index out of bounds"` failed.
/pytorch/aten/src/ATen/native/cuda/ScatterGatherKernel.cu:144: operator(): block: [0,0,0], thread: [40,0,0] Assertion `idx_dim >= 0 && idx_dim < index_size && "index out of bounds"` failed.
/pytorch/aten/src/ATen/native/cuda/ScatterGatherKernel.cu:144: operator(): block: [0,0,0], thread: [41,0,0] Assertion `idx_dim >= 0 && idx_dim < index_size && "index out of bounds"` failed.
/pytorch/aten/src/ATen/native/cuda/ScatterGatherKernel.cu:144: operator(): block: [0,0,0], thread: [42,0,0] Assertion `idx_dim >= 0 && idx_dim < index_size && "index out of bounds"` failed.
/pytorch/aten/src/ATen/native/cuda/ScatterGatherKernel.cu:144: operator(): block: [0,0,0], thread: [43,0,0] Assertion `idx_dim >= 0 && idx_dim < index_size && "index out of bounds"` failed.
/pytorch/aten/src/ATen/native/cuda/ScatterGatherKernel.cu:144: operator(): block: [0,0,0], thread: [44,0,0] Assertion `idx_dim >= 0 && idx_dim < index_size && "index out of bounds"` failed.
/pytorch/aten/src/ATen/native/cuda/ScatterGatherKernel.cu:144: operator(): block: [0,0,0], thread: [45,0,0] Assertion `idx_dim >= 0 && idx_dim < index_size && "index out of bounds"` failed.
/pytorch/aten/src/ATen/native/cuda/ScatterGatherKernel.cu:144: operator(): block: [0,0,0], thread: [46,0,0] Assertion `idx_dim >= 0 && idx_dim < index_size && "index out of bounds"` failed.
/pytorch/aten/src/ATen/native/cuda/ScatterGatherKernel.cu:144: operator(): block: [0,0,0], thread: [47,0,0] Assertion `idx_dim >= 0 && idx_dim < index_size && "index out of bounds"` failed.
/pytorch/aten/src/ATen/native/cuda/ScatterGatherKernel.cu:144: operator(): block: [0,0,0], thread: [48,0,0] Assertion `idx_dim >= 0 && idx_dim < index_size && "index out of bounds"` failed.
/pytorch/aten/src/ATen/native/cuda/ScatterGatherKernel.cu:144: operator(): block: [0,0,0], thread: [49,0,0] Assertion `idx_dim >= 0 && idx_dim < index_size && "index out of bounds"` failed.
/pytorch/aten/src/ATen/native/cuda/ScatterGatherKernel.cu:144: operator(): block: [0,0,0], thread: [50,0,0] Assertion `idx_dim >= 0 && idx_dim < index_size && "index out of bounds"` failed.
/pytorch/aten/src/ATen/native/cuda/ScatterGatherKernel.cu:144: operator(): block: [0,0,0], thread: [51,0,0] Assertion `idx_dim >= 0 && idx_dim < index_size && "index out of bounds"` failed.
/pytorch/aten/src/ATen/native/cuda/ScatterGatherKernel.cu:144: operator(): block: [0,0,0], thread: [52,0,0] Assertion `idx_dim >= 0 && idx_dim < index_size && "index out of bounds"` failed.
/pytorch/aten/src/ATen/native/cuda/ScatterGatherKernel.cu:144: operator(): block: [0,0,0], thread: [53,0,0] Assertion `idx_dim >= 0 && idx_dim < index_size && "index out of bounds"` failed.
/pytorch/aten/src/ATen/native/cuda/ScatterGatherKernel.cu:144: operator(): block: [0,0,0], thread: [54,0,0] Assertion `idx_dim >= 0 && idx_dim < index_size && "index out of bounds"` failed.
/pytorch/aten/src/ATen/native/cuda/ScatterGatherKernel.cu:144: operator(): block: [0,0,0], thread: [55,0,0] Assertion `idx_dim >= 0 && idx_dim < index_size && "index out of bounds"` failed.
/pytorch/aten/src/ATen/native/cuda/ScatterGatherKernel.cu:144: operator(): block: [0,0,0], thread: [56,0,0] Assertion `idx_dim >= 0 && idx_dim < index_size && "index out of bounds"` failed.
/pytorch/aten/src/ATen/native/cuda/ScatterGatherKernel.cu:144: operator(): block: [0,0,0], thread: [57,0,0] Assertion `idx_dim >= 0 && idx_dim < index_size && "index out of bounds"` failed.
/pytorch/aten/src/ATen/native/cuda/ScatterGatherKernel.cu:144: operator(): block: [0,0,0], thread: [58,0,0] Assertion `idx_dim >= 0 && idx_dim < index_size && "index out of bounds"` failed.
/pytorch/aten/src/ATen/native/cuda/ScatterGatherKernel.cu:144: operator(): block: [0,0,0], thread: [59,0,0] Assertion `idx_dim >= 0 && idx_dim < index_size && "index out of bounds"` failed.
/pytorch/aten/src/ATen/native/cuda/ScatterGatherKernel.cu:144: operator(): block: [0,0,0], thread: [60,0,0] Assertion `idx_dim >= 0 && idx_dim < index_size && "index out of bounds"` failed.
/pytorch/aten/src/ATen/native/cuda/ScatterGatherKernel.cu:144: operator(): block: [0,0,0], thread: [61,0,0] Assertion `idx_dim >= 0 && idx_dim < index_size && "index out of bounds"` failed.
/pytorch/aten/src/ATen/native/cuda/ScatterGatherKernel.cu:144: operator(): block: [0,0,0], thread: [62,0,0] Assertion `idx_dim >= 0 && idx_dim < index_size && "index out of bounds"` failed.
/pytorch/aten/src/ATen/native/cuda/ScatterGatherKernel.cu:144: operator(): block: [0,0,0], thread: [63,0,0] Assertion `idx_dim >= 0 && idx_dim < index_size && "index out of bounds"` failed.
/pytorch/aten/src/ATen/native/cuda/ScatterGatherKernel.cu:144: operator(): block: [0,0,0], thread: [64,0,0] Assertion `idx_dim >= 0 && idx_dim < index_size && "index out of bounds"` failed.
/pytorch/aten/src/ATen/native/cuda/ScatterGatherKernel.cu:144: operator(): block: [0,0,0], thread: [65,0,0] Assertion `idx_dim >= 0 && idx_dim < index_size && "index out of bounds"` failed.
/pytorch/aten/src/ATen/native/cuda/ScatterGatherKernel.cu:144: operator(): block: [0,0,0], thread: [66,0,0] Assertion `idx_dim >= 0 && idx_dim < index_size && "index out of bounds"` failed.
/pytorch/aten/src/ATen/native/cuda/ScatterGatherKernel.cu:144: operator(): block: [0,0,0], thread: [67,0,0] Assertion `idx_dim >= 0 && idx_dim < index_size && "index out of bounds"` failed.
/pytorch/aten/src/ATen/native/cuda/ScatterGatherKernel.cu:144: operator(): block: [0,0,0], thread: [68,0,0] Assertion `idx_dim >= 0 && idx_dim < index_size && "index out of bounds"` failed.
/pytorch/aten/src/ATen/native/cuda/ScatterGatherKernel.cu:144: operator(): block: [0,0,0], thread: [69,0,0] Assertion `idx_dim >= 0 && idx_dim < index_size && "index out of bounds"` failed.
/pytorch/aten/src/ATen/native/cuda/ScatterGatherKernel.cu:144: operator(): block: [0,0,0], thread: [70,0,0] Assertion `idx_dim >= 0 && idx_dim < index_size && "index out of bounds"` failed.
/pytorch/aten/src/ATen/native/cuda/ScatterGatherKernel.cu:144: operator(): block: [0,0,0], thread: [71,0,0] Assertion `idx_dim >= 0 && idx_dim < index_size && "index out of bounds"` failed.
/pytorch/aten/src/ATen/native/cuda/ScatterGatherKernel.cu:144: operator(): block: [0,0,0], thread: [72,0,0] Assertion `idx_dim >= 0 && idx_dim < index_size && "index out of bounds"` failed.
/pytorch/aten/src/ATen/native/cuda/ScatterGatherKernel.cu:144: operator(): block: [0,0,0], thread: [73,0,0] Assertion `idx_dim >= 0 && idx_dim < index_size && "index out of bounds"` failed.
/pytorch/aten/src/ATen/native/cuda/ScatterGatherKernel.cu:144: operator(): block: [0,0,0], thread: [74,0,0] Assertion `idx_dim >= 0 && idx_dim < index_size && "index out of bounds"` failed.
/pytorch/aten/src/ATen/native/cuda/ScatterGatherKernel.cu:144: operator(): block: [0,0,0], thread: [75,0,0] Assertion `idx_dim >= 0 && idx_dim < index_size && "index out of bounds"` failed.
/pytorch/aten/src/ATen/native/cuda/ScatterGatherKernel.cu:144: operator(): block: [0,0,0], thread: [76,0,0] Assertion `idx_dim >= 0 && idx_dim < index_size && "index out of bounds"` failed.
/pytorch/aten/src/ATen/native/cuda/ScatterGatherKernel.cu:144: operator(): block: [0,0,0], thread: [77,0,0] Assertion `idx_dim >= 0 && idx_dim < index_size && "index out of bounds"` failed.
/pytorch/aten/src/ATen/native/cuda/ScatterGatherKernel.cu:144: operator(): block: [0,0,0], thread: [78,0,0] Assertion `idx_dim >= 0 && idx_dim < index_size && "index out of bounds"` failed.
/pytorch/aten/src/ATen/native/cuda/ScatterGatherKernel.cu:144: operator(): block: [0,0,0], thread: [79,0,0] Assertion `idx_dim >= 0 && idx_dim < index_size && "index out of bounds"` failed.
/pytorch/aten/src/ATen/native/cuda/ScatterGatherKernel.cu:144: operator(): block: [0,0,0], thread: [80,0,0] Assertion `idx_dim >= 0 && idx_dim < index_size && "index out of bounds"` failed.
/pytorch/aten/src/ATen/native/cuda/ScatterGatherKernel.cu:144: operator(): block: [0,0,0], thread: [81,0,0] Assertion `idx_dim >= 0 && idx_dim < index_size && "index out of bounds"` failed.
/pytorch/aten/src/ATen/native/cuda/ScatterGatherKernel.cu:144: operator(): block: [0,0,0], thread: [82,0,0] Assertion `idx_dim >= 0 && idx_dim < index_size && "index out of bounds"` failed.
/pytorch/aten/src/ATen/native/cuda/ScatterGatherKernel.cu:144: operator(): block: [0,0,0], thread: [83,0,0] Assertion `idx_dim >= 0 && idx_dim < index_size && "index out of bounds"` failed.
/pytorch/aten/src/ATen/native/cuda/ScatterGatherKernel.cu:144: operator(): block: [0,0,0], thread: [84,0,0] Assertion `idx_dim >= 0 && idx_dim < index_size && "index out of bounds"` failed.
/pytorch/aten/src/ATen/native/cuda/ScatterGatherKernel.cu:144: operator(): block: [0,0,0], thread: [85,0,0] Assertion `idx_dim >= 0 && idx_dim < index_size && "index out of bounds"` failed.
/pytorch/aten/src/ATen/native/cuda/ScatterGatherKernel.cu:144: operator(): block: [0,0,0], thread: [86,0,0] Assertion `idx_dim >= 0 && idx_dim < index_size && "index out of bounds"` failed.
/pytorch/aten/src/ATen/native/cuda/ScatterGatherKernel.cu:144: operator(): block: [0,0,0], thread: [87,0,0] Assertion `idx_dim >= 0 && idx_dim < index_size && "index out of bounds"` failed.
/pytorch/aten/src/ATen/native/cuda/ScatterGatherKernel.cu:144: operator(): block: [0,0,0], thread: [88,0,0] Assertion `idx_dim >= 0 && idx_dim < index_size && "index out of bounds"` failed.
/pytorch/aten/src/ATen/native/cuda/ScatterGatherKernel.cu:144: operator(): block: [0,0,0], thread: [89,0,0] Assertion `idx_dim >= 0 && idx_dim < index_size && "index out of bounds"` failed.
/pytorch/aten/src/ATen/native/cuda/ScatterGatherKernel.cu:144: operator(): block: [0,0,0], thread: [90,0,0] Assertion `idx_dim >= 0 && idx_dim < index_size && "index out of bounds"` failed.
/pytorch/aten/src/ATen/native/cuda/ScatterGatherKernel.cu:144: operator(): block: [0,0,0], thread: [91,0,0] Assertion `idx_dim >= 0 && idx_dim < index_size && "index out of bounds"` failed.
/pytorch/aten/src/ATen/native/cuda/ScatterGatherKernel.cu:144: operator(): block: [0,0,0], thread: [92,0,0] Assertion `idx_dim >= 0 && idx_dim < index_size && "index out of bounds"` failed.
/pytorch/aten/src/ATen/native/cuda/ScatterGatherKernel.cu:144: operator(): block: [0,0,0], thread: [93,0,0] Assertion `idx_dim >= 0 && idx_dim < index_size && "index out of bounds"` failed.
/pytorch/aten/src/ATen/native/cuda/ScatterGatherKernel.cu:144: operator(): block: [0,0,0], thread: [94,0,0] Assertion `idx_dim >= 0 && idx_dim < index_size && "index out of bounds"` failed.
/pytorch/aten/src/ATen/native/cuda/ScatterGatherKernel.cu:144: operator(): block: [0,0,0], thread: [95,0,0] Assertion `idx_dim >= 0 && idx_dim < index_size && "index out of bounds"` failed.
/pytorch/aten/src/ATen/native/cuda/ScatterGatherKernel.cu:144: operator(): block: [0,0,0], thread: [96,0,0] Assertion `idx_dim >= 0 && idx_dim < index_size && "index out of bounds"` failed.
/pytorch/aten/src/ATen/native/cuda/ScatterGatherKernel.cu:144: operator(): block: [0,0,0], thread: [97,0,0] Assertion `idx_dim >= 0 && idx_dim < index_size && "index out of bounds"` failed.
/pytorch/aten/src/ATen/native/cuda/ScatterGatherKernel.cu:144: operator(): block: [0,0,0], thread: [98,0,0] Assertion `idx_dim >= 0 && idx_dim < index_size && "index out of bounds"` failed.
/pytorch/aten/src/ATen/native/cuda/ScatterGatherKernel.cu:144: operator(): block: [0,0,0], thread: [99,0,0] Assertion `idx_dim >= 0 && idx_dim < index_size && "index out of bounds"` failed.
/pytorch/aten/src/ATen/native/cuda/ScatterGatherKernel.cu:144: operator(): block: [0,0,0], thread: [100,0,0] Assertion `idx_dim >= 0 && idx_dim < index_size && "index out of bounds"` failed.
/pytorch/aten/src/ATen/native/cuda/ScatterGatherKernel.cu:144: operator(): block: [0,0,0], thread: [101,0,0] Assertion `idx_dim >= 0 && idx_dim < index_size && "index out of bounds"` failed.
/pytorch/aten/src/ATen/native/cuda/ScatterGatherKernel.cu:144: operator(): block: [0,0,0], thread: [102,0,0] Assertion `idx_dim >= 0 && idx_dim < index_size && "index out of bounds"` failed.
/pytorch/aten/src/ATen/native/cuda/ScatterGatherKernel.cu:144: operator(): block: [0,0,0], thread: [103,0,0] Assertion `idx_dim >= 0 && idx_dim < index_size && "index out of bounds"` failed.
/pytorch/aten/src/ATen/native/cuda/ScatterGatherKernel.cu:144: operator(): block: [0,0,0], thread: [104,0,0] Assertion `idx_dim >= 0 && idx_dim < index_size && "index out of bounds"` failed.
/pytorch/aten/src/ATen/native/cuda/ScatterGatherKernel.cu:144: operator(): block: [0,0,0], thread: [105,0,0] Assertion `idx_dim >= 0 && idx_dim < index_size && "index out of bounds"` failed.
/pytorch/aten/src/ATen/native/cuda/ScatterGatherKernel.cu:144: operator(): block: [0,0,0], thread: [106,0,0] Assertion `idx_dim >= 0 && idx_dim < index_size && "index out of bounds"` failed.
/pytorch/aten/src/ATen/native/cuda/ScatterGatherKernel.cu:144: operator(): block: [0,0,0], thread: [107,0,0] Assertion `idx_dim >= 0 && idx_dim < index_size && "index out of bounds"` failed.
/pytorch/aten/src/ATen/native/cuda/ScatterGatherKernel.cu:144: operator(): block: [0,0,0], thread: [108,0,0] Assertion `idx_dim >= 0 && idx_dim < index_size && "index out of bounds"` failed.
/pytorch/aten/src/ATen/native/cuda/ScatterGatherKernel.cu:144: operator(): block: [0,0,0], thread: [109,0,0] Assertion `idx_dim >= 0 && idx_dim < index_size && "index out of bounds"` failed.
/pytorch/aten/src/ATen/native/cuda/ScatterGatherKernel.cu:144: operator(): block: [0,0,0], thread: [110,0,0] Assertion `idx_dim >= 0 && idx_dim < index_size && "index out of bounds"` failed.
/pytorch/aten/src/ATen/native/cuda/ScatterGatherKernel.cu:144: operator(): block: [0,0,0], thread: [111,0,0] Assertion `idx_dim >= 0 && idx_dim < index_size && "index out of bounds"` failed.
/pytorch/aten/src/ATen/native/cuda/ScatterGatherKernel.cu:144: operator(): block: [0,0,0], thread: [112,0,0] Assertion `idx_dim >= 0 && idx_dim < index_size && "index out of bounds"` failed.
/pytorch/aten/src/ATen/native/cuda/ScatterGatherKernel.cu:144: operator(): block: [0,0,0], thread: [113,0,0] Assertion `idx_dim >= 0 && idx_dim < index_size && "index out of bounds"` failed.
/pytorch/aten/src/ATen/native/cuda/ScatterGatherKernel.cu:144: operator(): block: [0,0,0], thread: [114,0,0] Assertion `idx_dim >= 0 && idx_dim < index_size && "index out of bounds"` failed.
/pytorch/aten/src/ATen/native/cuda/ScatterGatherKernel.cu:144: operator(): block: [0,0,0], thread: [115,0,0] Assertion `idx_dim >= 0 && idx_dim < index_size && "index out of bounds"` failed.
/pytorch/aten/src/ATen/native/cuda/ScatterGatherKernel.cu:144: operator(): block: [0,0,0], thread: [116,0,0] Assertion `idx_dim >= 0 && idx_dim < index_size && "index out of bounds"` failed.
/pytorch/aten/src/ATen/native/cuda/ScatterGatherKernel.cu:144: operator(): block: [0,0,0], thread: [117,0,0] Assertion `idx_dim >= 0 && idx_dim < index_size && "index out of bounds"` failed.
/pytorch/aten/src/ATen/native/cuda/ScatterGatherKernel.cu:144: operator(): block: [0,0,0], thread: [118,0,0] Assertion `idx_dim >= 0 && idx_dim < index_size && "index out of bounds"` failed.
/pytorch/aten/src/ATen/native/cuda/ScatterGatherKernel.cu:144: operator(): block: [0,0,0], thread: [119,0,0] Assertion `idx_dim >= 0 && idx_dim < index_size && "index out of bounds"` failed.
/pytorch/aten/src/ATen/native/cuda/ScatterGatherKernel.cu:144: operator(): block: [0,0,0], thread: [120,0,0] Assertion `idx_dim >= 0 && idx_dim < index_size && "index out of bounds"` failed.
/pytorch/aten/src/ATen/native/cuda/ScatterGatherKernel.cu:144: operator(): block: [0,0,0], thread: [121,0,0] Assertion `idx_dim >= 0 && idx_dim < index_size && "index out of bounds"` failed.
/pytorch/aten/src/ATen/native/cuda/ScatterGatherKernel.cu:144: operator(): block: [0,0,0], thread: [122,0,0] Assertion `idx_dim >= 0 && idx_dim < index_size && "index out of bounds"` failed.
/pytorch/aten/src/ATen/native/cuda/ScatterGatherKernel.cu:144: operator(): block: [0,0,0], thread: [123,0,0] Assertion `idx_dim >= 0 && idx_dim < index_size && "index out of bounds"` failed.
/pytorch/aten/src/ATen/native/cuda/ScatterGatherKernel.cu:144: operator(): block: [0,0,0], thread: [124,0,0] Assertion `idx_dim >= 0 && idx_dim < index_size && "index out of bounds"` failed.
/pytorch/aten/src/ATen/native/cuda/ScatterGatherKernel.cu:144: operator(): block: [0,0,0], thread: [125,0,0] Assertion `idx_dim >= 0 && idx_dim < index_size && "index out of bounds"` failed.
/pytorch/aten/src/ATen/native/cuda/ScatterGatherKernel.cu:144: operator(): block: [0,0,0], thread: [126,0,0] Assertion `idx_dim >= 0 && idx_dim < index_size && "index out of bounds"` failed.
/pytorch/aten/src/ATen/native/cuda/ScatterGatherKernel.cu:144: operator(): block: [0,0,0], thread: [127,0,0] Assertion `idx_dim >= 0 && idx_dim < index_size && "index out of bounds"` failed.
[DMControlEnv] Using render backend 'egl'
Training task: ball_in_cup_catch
Saved run manifest: /home/y/Simer/exam/train_dmcontrol_dreamerv3_ball_in_cup_30k/output/run_manifest.json
step=200 episode=0 return=178.0000 length=200
step=400 episode=0 return=354.0000 length=400
step=600 episode=1 return=74.0000 length=100
step=800 episode=1 return=240.0000 length=300
step=1000 episode=1 return=408.0000 length=500
step=1200 episode=2 return=0.0000 length=200
step=1400 episode=2 return=0.0000 length=400
step=1600 episode=3 return=0.0000 length=100
step=1800 episode=3 return=0.0000 length=300
step=2000 episode=3 return=0.0000 length=500
step=2200 episode=4 return=0.0000 length=200
step=2400 episode=4 return=0.0000 length=400
step=2600 episode=5 return=0.0000 length=100
step=2800 episode=5 return=0.0000 length=300
step=3000 episode=5 return=0.0000 length=500
step=3200 episode=6 return=0.0000 length=200
step=3400 episode=6 return=0.0000 length=400
step=3600 episode=7 return=0.0000 length=100
step=3800 episode=7 return=0.0000 length=300
step=4000 episode=7 return=0.0000 length=500
step=4200 episode=8 return=196.0000 length=200
step=4400 episode=8 return=396.0000 length=400
step=4600 episode=9 return=0.0000 length=100
step=4800 episode=9 return=0.0000 length=300
step=5000 episode=9 return=0.0000 length=500
[DMControlEnv] Using render backend 'egl'
Running evaluation at step=5000 ...
Eval episode 1 finished with return 0.0000 over 500 steps
Saved checkpoint: policy.ckpt
step=5200 episode=10 return=0.0000 length=200
step=5400 episode=10 return=0.0000 length=400
step=5600 episode=11 return=0.0000 length=100
step=5800 episode=11 return=0.0000 length=300
step=6000 episode=11 return=0.0000 length=500
step=6200 episode=12 return=0.0000 length=200
step=6400 episode=12 return=0.0000 length=400
step=6600 episode=13 return=0.0000 length=100
step=6800 episode=13 return=0.0000 length=300
step=7000 episode=13 return=0.0000 length=500
step=7200 episode=14 return=0.0000 length=200
step=7400 episode=14 return=0.0000 length=400
step=7600 episode=15 return=100.0000 length=100
step=7800 episode=15 return=300.0000 length=300
step=8000 episode=15 return=500.0000 length=500
step=8200 episode=16 return=199.0000 length=200
step=8400 episode=16 return=399.0000 length=400
step=8600 episode=17 return=0.0000 length=100
step=8800 episode=17 return=0.0000 length=300
step=9000 episode=17 return=0.0000 length=500
step=9200 episode=18 return=0.0000 length=200
step=9400 episode=18 return=0.0000 length=400
step=9600 episode=19 return=0.0000 length=100
step=9800 episode=19 return=0.0000 length=300
step=10000 episode=19 return=0.0000 length=500
Running evaluation at step=10000 ...
Eval episode 1 finished with return 0.0000 over 500 steps
Saved checkpoint: policy.ckpt
step=10200 episode=20 return=0.0000 length=200
step=10400 episode=20 return=0.0000 length=400
step=10600 episode=21 return=0.0000 length=100
step=10800 episode=21 return=0.0000 length=300
step=11000 episode=21 return=0.0000 length=500
step=11200 episode=22 return=0.0000 length=200
step=11400 episode=22 return=0.0000 length=400
step=11600 episode=23 return=0.0000 length=100
step=11800 episode=23 return=0.0000 length=300
step=12000 episode=23 return=0.0000 length=500
step=12200 episode=24 return=0.0000 length=200
step=12400 episode=24 return=0.0000 length=400
step=12600 episode=25 return=0.0000 length=100
step=12800 episode=25 return=0.0000 length=300
step=13000 episode=25 return=0.0000 length=500
step=13200 episode=26 return=0.0000 length=200
step=13400 episode=26 return=0.0000 length=400
step=13600 episode=27 return=92.0000 length=100
step=13800 episode=27 return=292.0000 length=300
step=14000 episode=27 return=492.0000 length=500
step=14200 episode=28 return=0.0000 length=200
step=14400 episode=28 return=0.0000 length=400
step=14600 episode=29 return=97.0000 length=100
step=14800 episode=29 return=297.0000 length=300
step=15000 episode=29 return=497.0000 length=500
Running evaluation at step=15000 ...
Eval episode 1 finished with return 0.0000 over 500 steps
Saved checkpoint: policy.ckpt
step=15200 episode=30 return=0.0000 length=200
step=15400 episode=30 return=0.0000 length=400
step=15600 episode=31 return=0.0000 length=100
step=15800 episode=31 return=0.0000 length=300
step=16000 episode=31 return=0.0000 length=500
step=16200 episode=32 return=0.0000 length=200
step=16400 episode=32 return=0.0000 length=400
step=16600 episode=33 return=0.0000 length=100
step=16800 episode=33 return=0.0000 length=300
step=17000 episode=33 return=0.0000 length=500
step=17200 episode=34 return=0.0000 length=200
step=17400 episode=34 return=0.0000 length=400
step=17600 episode=35 return=0.0000 length=100
step=17800 episode=35 return=0.0000 length=300
step=18000 episode=35 return=0.0000 length=500
step=18200 episode=36 return=0.0000 length=200
step=18400 episode=36 return=0.0000 length=400
step=18600 episode=37 return=0.0000 length=100
step=18800 episode=37 return=0.0000 length=300
step=19000 episode=37 return=0.0000 length=500
step=19200 episode=38 return=0.0000 length=200
step=19400 episode=38 return=0.0000 length=400
step=19600 episode=39 return=0.0000 length=100
step=19800 episode=39 return=0.0000 length=300
step=20000 episode=39 return=0.0000 length=500
Running evaluation at step=20000 ...
Eval episode 1 finished with return 0.0000 over 500 steps
Saved checkpoint: policy.ckpt
step=20200 episode=40 return=0.0000 length=200
step=20400 episode=40 return=0.0000 length=400
step=20600 episode=41 return=0.0000 length=100
step=20800 episode=41 return=0.0000 length=300
step=21000 episode=41 return=0.0000 length=500
step=21200 episode=42 return=0.0000 length=200
step=21400 episode=42 return=0.0000 length=400
step=21600 episode=43 return=0.0000 length=100
step=21800 episode=43 return=0.0000 length=300
step=22000 episode=43 return=0.0000 length=500
step=22200 episode=44 return=197.0000 length=200
step=22400 episode=44 return=397.0000 length=400
step=22600 episode=45 return=0.0000 length=100
step=22800 episode=45 return=0.0000 length=300
step=23000 episode=45 return=0.0000 length=500
step=23200 episode=46 return=0.0000 length=200
step=23400 episode=46 return=0.0000 length=400
step=23600 episode=47 return=0.0000 length=100
step=23800 episode=47 return=0.0000 length=300
Traceback (most recent call last):
  File "/home/y/Simer/scripts/train.py", line 149, in train_task
    episode_return += float(reward)
                     ^^^^^^^^^^^^^^
  File "/home/y/Simer/scripts/train.py", line 30, in maybe_update
    return normalize_policy_metrics(update(batch))
                                    ^^^^^^^^^^^^^
  File "/home/y/Simer/policy/dreamerv3/dreamerv3_policy_impl.py", line 127, in update
    metrics, metadata = self.agent.update_from_replay(
                        ^^^^^^^^^^^^^^^^^^^^^^^^^^^^^^
  File "/home/y/Simer/policy/dreamerv3/dreamerv3_agent.py", line 391, in update_from_replay
    actor_metrics = self.train_actor_value(batch)
                    ^^^^^^^^^^^^^^^^^^^^^^^^^^^^^
  File "/home/y/Simer/policy/dreamerv3/dreamerv3_agent.py", line 328, in train_actor_value
    value_pred = self._value_forward(flat_feats.detach()).view(feats.shape[0], feats.shape[1])
                 ^^^^^^^^^^^^^^^^^^^^^^^^^^^^^^^^^^^^^^^^
  File "/home/y/Simer/policy/dreamerv3/dreamerv3_agent.py", line 141, in _value_forward
    return self._head_to_scalar(self.value, feat, denormalize=denormalize)
           ^^^^^^^^^^^^^^^^^^^^^^^^^^^^^^^^^^^^^^^^^^^^^^^^^^^^^^^^^^^^^^^
  File "/home/y/Simer/policy/dreamerv3/dreamerv3_agent.py", line 160, in _head_to_scalar
    return self.return_normalizer.denormalize(value)
           ^^^^^^^^^^^^^^^^^^^^^^^^^^^^^^^^^^^^^^^^^
  File "/home/y/Simer/policy/dreamerv3/normalization.py", line 44, in denormalize
    mean = torch.as_tensor(self.mean, device=values.device, dtype=values.dtype)
           ^^^^^^^^^^^^^^^^^^^^^^^^^^^^^^^^^^^^^^^^^^^^^^^^^^^^^^^^^^^^^^^^^^^^
RuntimeError: CUDA error: device-side assert triggered
CUDA kernel errors might be asynchronously reported at some other API call, so the stacktrace below might be incorrect.
For debugging consider passing CUDA_LAUNCH_BLOCKING=1
Compile with `TORCH_USE_CUDA_DSA` to enable device-side assertions.


During handling of the above exception, another exception occurred:

Traceback (most recent call last):
  File "/home/y/Simer/scripts/train.py", line 255, in <module>
    parser = argparse.ArgumentParser(description="Train an exam from exam/<name>/config.yaml")
    ^^^^^^^^^^^^^^^^^^^^^
  File "/home/y/Simer/scripts/train.py", line 244, in train
    print(f"  {path}")
^^^^^^^^^^^^^^^^^^^^^^^
  File "/home/y/Simer/scripts/train.py", line 224, in train_task
    if callable(reset):
              ^^^^^^^^^^
  File "/home/y/Simer/scripts/train.py", line 62, in _save_checkpoint
    save(checkpoint_path)
  File "/home/y/Simer/policy/dreamerv3/dreamerv3_policy_impl.py", line 145, in save
    torch.save(
  File "/home/y/miniconda3/envs/Simer/lib/python3.12/site-packages/torch/serialization.py", line 944, in save
    _save(
  File "/home/y/miniconda3/envs/Simer/lib/python3.12/site-packages/torch/serialization.py", line 1214, in _save
    storage = storage.cpu()
              ^^^^^^^^^^^^^
  File "/home/y/miniconda3/envs/Simer/lib/python3.12/site-packages/torch/storage.py", line 267, in cpu
    return torch.UntypedStorage(self.size()).copy_(self, False)
           ^^^^^^^^^^^^^^^^^^^^^^^^^^^^^^^^^^^^^^^^^^^^^^^^^^^^
RuntimeError: CUDA error: device-side assert triggered
CUDA kernel errors might be asynchronously reported at some other API call, so the stacktrace below might be incorrect.
For debugging consider passing CUDA_LAUNCH_BLOCKING=1
Compile with `TORCH_USE_CUDA_DSA` to enable device-side assertions.

